  [1m[35mSQL (0.6ms)[0m  [1m[35mSET search_path TO public /*application='RailsTaskFullstackWebApp'*/[0m
  [1m[35m (51.2ms)[0m  [1m[35mCREATE DATABASE "rails_task_development" ENCODING = 'unicode' /*application='RailsTaskFullstackWebApp'*/[0m
  [1m[35mSQL (0.2ms)[0m  [1m[35mSET search_path TO public /*application='RailsTaskFullstackWebApp'*/[0m
  [1m[35m (28.9ms)[0m  [1m[35mCREATE DATABASE "rails_task_test" ENCODING = 'unicode' /*application='RailsTaskFullstackWebApp'*/[0m
  [1m[35m (2.7ms)[0m  [1m[35mCREATE TABLE "schema_migrations" ("version" character varying NOT NULL PRIMARY KEY) /*application='RailsTaskFullstackWebApp'*/[0m
  [1m[35m (1.6ms)[0m  [1m[35mCREATE TABLE "ar_internal_metadata" ("key" character varying NOT NULL PRIMARY KEY, "value" character varying, "created_at" timestamp(6) NOT NULL, "updated_at" timestamp(6) NOT NULL) /*application='RailsTaskFullstackWebApp'*/[0m
  [1m[35m (0.2ms)[0m  [1m[34mSELECT pg_try_advisory_lock(282439840515089775) /*application='RailsTaskFullstackWebApp'*/[0m
  [1m[36mActiveRecord::SchemaMigration Load (0.5ms)[0m  [1m[34mSELECT "schema_migrations"."version" FROM "schema_migrations" ORDER BY "schema_migrations"."version" ASC /*application='RailsTaskFullstackWebApp'*/[0m
  [1m[36mActiveRecord::InternalMetadata Load (0.4ms)[0m  [1m[34mSELECT * FROM "ar_internal_metadata" WHERE "ar_internal_metadata"."key" = 'environment' ORDER BY "ar_internal_metadata"."key" ASC LIMIT 1 /*application='RailsTaskFullstackWebApp'*/[0m
  [1m[36mActiveRecord::InternalMetadata Create (0.4ms)[0m  [1m[32mINSERT INTO "ar_internal_metadata" ("key", "value", "created_at", "updated_at") VALUES ('environment', 'development', '2026-04-07 07:54:53.316536', '2026-04-07 07:54:53.316538') RETURNING "key" /*application='RailsTaskFullstackWebApp'*/[0m
Migrating to CreateProjects (20260407073700)
  [1m[36mTRANSACTION (0.9ms)[0m  [1m[35mBEGIN /*application='RailsTaskFullstackWebApp'*/[0m
  [1m[35m (5.3ms)[0m  [1m[35mCREATE TABLE "projects" ("id" bigserial primary key, "title" character varying, "description" text, "created_at" timestamp(6) NOT NULL, "updated_at" timestamp(6) NOT NULL) /*application='RailsTaskFullstackWebApp'*/[0m
  [1m[36mActiveRecord::SchemaMigration Create (0.2ms)[0m  [1m[32mINSERT INTO "schema_migrations" ("version") VALUES ('20260407073700') RETURNING "version" /*application='RailsTaskFullstackWebApp'*/[0m
  [1m[36mTRANSACTION (0.3ms)[0m  [1m[35mCOMMIT /*application='RailsTaskFullstackWebApp'*/[0m
Migrating to CreateTasks (20260407075216)
  [1m[36mTRANSACTION (0.2ms)[0m  [1m[35mBEGIN /*application='RailsTaskFullstackWebApp'*/[0m
  [1m[35m (2.4ms)[0m  [1m[35mCREATE TABLE "tasks" ("id" bigserial primary key, "title" character varying, "status" integer, "due_date" date, "project_id" bigint NOT NULL, "created_at" timestamp(6) NOT NULL, "updated_at" timestamp(6) NOT NULL, CONSTRAINT "fk_rails_02e851e3b7"
FOREIGN KEY ("project_id")
  REFERENCES "projects" ("id")
) /*application='RailsTaskFullstackWebApp'*/[0m
  [1m[35m (0.7ms)[0m  [1m[35mCREATE INDEX "index_tasks_on_project_id" ON "tasks" ("project_id") /*application='RailsTaskFullstackWebApp'*/[0m
  [1m[36mActiveRecord::SchemaMigration Create (0.2ms)[0m  [1m[32mINSERT INTO "schema_migrations" ("version") VALUES ('20260407075216') RETURNING "version" /*application='RailsTaskFullstackWebApp'*/[0m
  [1m[36mTRANSACTION (0.3ms)[0m  [1m[35mCOMMIT /*application='RailsTaskFullstackWebApp'*/[0m
  [1m[35m (0.2ms)[0m  [1m[34mSELECT pg_advisory_unlock(282439840515089775) /*application='RailsTaskFullstackWebApp'*/[0m
  [1m[36mActiveRecord::SchemaMigration Load (0.2ms)[0m  [1m[34mSELECT "schema_migrations"."version" FROM "schema_migrations" ORDER BY "schema_migrations"."version" ASC /*application='RailsTaskFullstackWebApp'*/[0m
  [1m[35mSQL (0.1ms)[0m  [1m[35mSET search_path TO public /*application='RailsTaskFullstackWebApp'*/[0m
  [1m[35mSQL (0.1ms)[0m  [1m[35mSET search_path TO "$user", public /*application='RailsTaskFullstackWebApp'*/[0m
  [1m[35mSQL (0.1ms)[0m  [1m[35mSET search_path TO public /*application='RailsTaskFullstackWebApp'*/[0m
  [1m[35mSQL (0.1ms)[0m  [1m[35mSET search_path TO "$user", public /*application='RailsTaskFullstackWebApp'*/[0m
Started GET "/projects" for ::1 at 2026-04-07 16:56:40 +0900
Started GET "/projects" for ::1 at 2026-04-07 16:57:42 +0900
Started GET "/projects" for ::1 at 2026-04-07 16:58:04 +0900
  [1m[36mActiveRecord::SchemaMigration Load (1.8ms)[0m  [1m[34mSELECT "schema_migrations"."version" FROM "schema_migrations" ORDER BY "schema_migrations"."version" ASC /*application='RailsTaskFullstackWebApp'*/[0m
Processing by ProjectsController#index as */*
  Rendering layout layouts/application.html.erb
  Rendering projects/index.html.erb within layouts/application
  [1m[36mProject Load (27.4ms)[0m  [1m[34mSELECT "projects".* FROM "projects" /*action='index',application='RailsTaskFullstackWebApp',controller='projects'*/[0m
  ↳ app/views/projects/index.html.erb:9
  Rendered projects/index.html.erb within layouts/application (Duration: 28.8ms | GC: 6.0ms)
  Rendered layout layouts/application.html.erb (Duration: 50.3ms | GC: 6.8ms)
Completed 200 OK in 100ms (Views: 23.8ms | ActiveRecord: 32.9ms (1 query, 0 cached) | GC: 6.8ms)


Started GET "/projects" for ::1 at 2026-04-07 16:58:23 +0900
Processing by ProjectsController#index as */*
  Rendering layout layouts/application.html.erb
  Rendering projects/index.html.erb within layouts/application
  [1m[36mProject Load (1.0ms)[0m  [1m[34mSELECT "projects".* FROM "projects" /*action='index',application='RailsTaskFullstackWebApp',controller='projects'*/[0m
  ↳ app/views/projects/index.html.erb:9
  Rendered projects/index.html.erb within layouts/application (Duration: 1.8ms | GC: 0.1ms)
  Rendered layout layouts/application.html.erb (Duration: 2.2ms | GC: 0.1ms)
Completed 200 OK in 4ms (Views: 1.5ms | ActiveRecord: 0.9ms (1 query, 0 cached) | GC: 0.1ms)


Started GET "/tasks" for ::1 at 2026-04-07 16:58:23 +0900
Processing by TasksController#index as */*
  Rendering layout layouts/application.html.erb
  Rendering tasks/index.html.erb within layouts/application
  [1m[36mTask Load (0.7ms)[0m  [1m[34mSELECT "tasks".* FROM "tasks" /*action='index',application='RailsTaskFullstackWebApp',controller='tasks'*/[0m
  ↳ app/views/tasks/index.html.erb:9
  Rendered tasks/index.html.erb within layouts/application (Duration: 1.5ms | GC: 0.0ms)
  Rendered layout layouts/application.html.erb (Duration: 1.8ms | GC: 0.0ms)
Completed 200 OK in 8ms (Views: 1.8ms | ActiveRecord: 0.7ms (1 query, 0 cached) | GC: 0.1ms)


Started GET "/projects" for ::1 at 2026-04-07 17:00:13 +0900
  [1m[36mActiveRecord::SchemaMigration Load (0.4ms)[0m  [1m[34mSELECT "schema_migrations"."version" FROM "schema_migrations" ORDER BY "schema_migrations"."version" ASC /*application='RailsTaskFullstackWebApp'*/[0m
Processing by ProjectsController#index as */*
  Rendering layout layouts/application.html.erb
  Rendering projects/index.html.erb within layouts/application
  [1m[36mProject Load (21.3ms)[0m  [1m[34mSELECT "projects".* FROM "projects" /*action='index',application='RailsTaskFullstackWebApp',controller='projects'*/[0m
  ↳ app/views/projects/index.html.erb:9
  Rendered projects/index.html.erb within layouts/application (Duration: 22.6ms | GC: 0.0ms)
  Rendered layout layouts/application.html.erb (Duration: 33.9ms | GC: 6.0ms)
Completed 200 OK in 54ms (Views: 9.0ms | ActiveRecord: 27.1ms (1 query, 0 cached) | GC: 6.0ms)


Started GET "/" for 127.0.0.1 at 2026-04-07 17:04:45 +0900
  [1m[36mActiveRecord::SchemaMigration Load (1.5ms)[0m  [1m[34mSELECT "schema_migrations"."version" FROM "schema_migrations" ORDER BY "schema_migrations"."version" ASC /*application='RailsTaskFullstackWebApp'*/[0m
Processing by Rails::WelcomeController#index as HTML
  Rendering /Users/kojikawazu/.rbenv/versions/3.3.11/lib/ruby/gems/3.3.0/gems/railties-8.1.3/lib/rails/templates/rails/welcome/index.html.erb
  Rendered /Users/kojikawazu/.rbenv/versions/3.3.11/lib/ruby/gems/3.3.0/gems/railties-8.1.3/lib/rails/templates/rails/welcome/index.html.erb (Duration: 0.7ms | GC: 0.0ms)
Completed 200 OK in 23ms (Views: 4.9ms | ActiveRecord: 0.0ms (0 queries, 0 cached) | GC: 0.0ms)


