  [1m[35mSQL (0.8ms)[0m  [1m[35mSET search_path TO public /*application='RailsTaskApiWebApp'*/[0m
  [1m[35m (54.5ms)[0m  [1m[35mCREATE DATABASE "rails_task_api_development" ENCODING = 'unicode' /*application='RailsTaskApiWebApp'*/[0m
  [1m[35mSQL (0.2ms)[0m  [1m[35mSET search_path TO public /*application='RailsTaskApiWebApp'*/[0m
  [1m[35m (30.9ms)[0m  [1m[35mCREATE DATABASE "rails_task_api_test" ENCODING = 'unicode' /*application='RailsTaskApiWebApp'*/[0m
  [1m[35m (2.4ms)[0m  [1m[35mCREATE TABLE "schema_migrations" ("version" character varying NOT NULL PRIMARY KEY) /*application='RailsTaskApiWebApp'*/[0m
  [1m[35m (1.7ms)[0m  [1m[35mCREATE TABLE "ar_internal_metadata" ("key" character varying NOT NULL PRIMARY KEY, "value" character varying, "created_at" timestamp(6) NOT NULL, "updated_at" timestamp(6) NOT NULL) /*application='RailsTaskApiWebApp'*/[0m
  [1m[35m (0.2ms)[0m  [1m[34mSELECT pg_try_advisory_lock(6471036539987461995) /*application='RailsTaskApiWebApp'*/[0m
  [1m[36mActiveRecord::SchemaMigration Load (0.6ms)[0m  [1m[34mSELECT "schema_migrations"."version" FROM "schema_migrations" ORDER BY "schema_migrations"."version" ASC /*application='RailsTaskApiWebApp'*/[0m
  [1m[36mActiveRecord::InternalMetadata Load (0.4ms)[0m  [1m[34mSELECT * FROM "ar_internal_metadata" WHERE "ar_internal_metadata"."key" = 'environment' ORDER BY "ar_internal_metadata"."key" ASC LIMIT 1 /*application='RailsTaskApiWebApp'*/[0m
  [1m[36mActiveRecord::InternalMetadata Create (1.5ms)[0m  [1m[32mINSERT INTO "ar_internal_metadata" ("key", "value", "created_at", "updated_at") VALUES ('environment', 'development', '2026-04-07 12:15:04.276180', '2026-04-07 12:15:04.276181') RETURNING "key" /*application='RailsTaskApiWebApp'*/[0m
Migrating to CreateUsers (20260407121209)
  [1m[36mTRANSACTION (1.1ms)[0m  [1m[35mBEGIN /*application='RailsTaskApiWebApp'*/[0m
  [1m[35m (6.0ms)[0m  [1m[35mCREATE TABLE "users" ("id" bigserial primary key, "name" character varying, "email" character varying, "password_digest" character varying, "created_at" timestamp(6) NOT NULL, "updated_at" timestamp(6) NOT NULL) /*application='RailsTaskApiWebApp'*/[0m
  [1m[35m (0.9ms)[0m  [1m[35mCREATE UNIQUE INDEX "index_users_on_email" ON "users" ("email") /*application='RailsTaskApiWebApp'*/[0m
  [1m[36mActiveRecord::SchemaMigration Create (0.2ms)[0m  [1m[32mINSERT INTO "schema_migrations" ("version") VALUES ('20260407121209') RETURNING "version" /*application='RailsTaskApiWebApp'*/[0m
  [1m[36mTRANSACTION (0.3ms)[0m  [1m[35mCOMMIT /*application='RailsTaskApiWebApp'*/[0m
Migrating to CreateProjects (20260407121217)
  [1m[36mTRANSACTION (0.2ms)[0m  [1m[35mBEGIN /*application='RailsTaskApiWebApp'*/[0m
  [1m[35m (4.0ms)[0m  [1m[35mCREATE TABLE "projects" ("id" bigserial primary key, "title" character varying, "description" text, "user_id" bigint NOT NULL, "created_at" timestamp(6) NOT NULL, "updated_at" timestamp(6) NOT NULL, CONSTRAINT "fk_rails_b872a6760a"
FOREIGN KEY ("user_id")
  REFERENCES "users" ("id")
) /*application='RailsTaskApiWebApp'*/[0m
  [1m[35m (0.7ms)[0m  [1m[35mCREATE INDEX "index_projects_on_user_id" ON "projects" ("user_id") /*application='RailsTaskApiWebApp'*/[0m
  [1m[36mActiveRecord::SchemaMigration Create (0.2ms)[0m  [1m[32mINSERT INTO "schema_migrations" ("version") VALUES ('20260407121217') RETURNING "version" /*application='RailsTaskApiWebApp'*/[0m
  [1m[36mTRANSACTION (0.3ms)[0m  [1m[35mCOMMIT /*application='RailsTaskApiWebApp'*/[0m
Migrating to CreateTasks (20260407121218)
  [1m[36mTRANSACTION (0.2ms)[0m  [1m[35mBEGIN /*application='RailsTaskApiWebApp'*/[0m
  [1m[35m (2.0ms)[0m  [1m[35mCREATE TABLE "tasks" ("id" bigserial primary key, "title" character varying, "status" integer, "due_date" date, "project_id" bigint NOT NULL, "created_at" timestamp(6) NOT NULL, "updated_at" timestamp(6) NOT NULL, CONSTRAINT "fk_rails_02e851e3b7"
FOREIGN KEY ("project_id")
  REFERENCES "projects" ("id")
) /*application='RailsTaskApiWebApp'*/[0m
  [1m[35m (0.7ms)[0m  [1m[35mCREATE INDEX "index_tasks_on_project_id" ON "tasks" ("project_id") /*application='RailsTaskApiWebApp'*/[0m
  [1m[36mActiveRecord::SchemaMigration Create (0.2ms)[0m  [1m[32mINSERT INTO "schema_migrations" ("version") VALUES ('20260407121218') RETURNING "version" /*application='RailsTaskApiWebApp'*/[0m
  [1m[36mTRANSACTION (0.3ms)[0m  [1m[35mCOMMIT /*application='RailsTaskApiWebApp'*/[0m
  [1m[35m (0.2ms)[0m  [1m[34mSELECT pg_advisory_unlock(6471036539987461995) /*application='RailsTaskApiWebApp'*/[0m
  [1m[36mActiveRecord::SchemaMigration Load (0.2ms)[0m  [1m[34mSELECT "schema_migrations"."version" FROM "schema_migrations" ORDER BY "schema_migrations"."version" ASC /*application='RailsTaskApiWebApp'*/[0m
  [1m[35mSQL (0.2ms)[0m  [1m[35mSET search_path TO public /*application='RailsTaskApiWebApp'*/[0m
  [1m[35mSQL (0.2ms)[0m  [1m[35mSET search_path TO "$user", public /*application='RailsTaskApiWebApp'*/[0m
  [1m[35mSQL (0.2ms)[0m  [1m[35mSET search_path TO public /*application='RailsTaskApiWebApp'*/[0m
  [1m[35mSQL (0.2ms)[0m  [1m[35mSET search_path TO "$user", public /*application='RailsTaskApiWebApp'*/[0m
